// Jest Snapshot v1, https://goo.gl/fbAQLP

exports[`should render correctly 1`] = `
<div>
  <div>
    <label
      htmlFor=""
    >
      Username
    </label>
    <input
      autoComplete="off"
      autoFocus={true}
      name="username"
      onChange={[Function]}
      type="text"
      value="thainq02"
    />
    <br />
    <pre>
      
    </pre>
  </div>
  <div>
    <label
      htmlFor=""
    >
      Password
    </label>
    <input
      autoComplete="off"
      name="password"
      onChange={[Function]}
      type="password"
      value="Hihi1234"
    />
    <br />
    <pre>
      
    </pre>
  </div>
  <div>
    <label
      htmlFor=""
    >
      Email
    </label>
    <input
      autoComplete="off"
      name="email"
      onChange={[Function]}
      onKeyPress={[Function]}
      type="text"
      value="thainq00@gmail.com"
    />
    <br />
    <pre>
      
    </pre>
  </div>
  <button
    id="register-btn"
    onClick={[Function]}
  >
    Dang ky
  </button>
  <pre>
    
  </pre>
  <div>
    <button
      onClick={[Function]}
    >
      Dang nhap
    </button>
  </div>
</div>
`;
